// Jest Snapshot v1, https://goo.gl/fbAQLP

exports[`renders reports list correctly 1`] = `
<div>
  <h4>
    Excel Table Viewer
  </h4>
  <table>
    <thead>
      <tr>
        <th />
        <th />
        <th />
        <th />
        <th />
        <th />
        <th />
        <th />
        <th />
        <th />
        <th />
        <th />
        <th />
        <th />
        <th />
        <th />
      </tr>
    </thead>
    <tbody>
      <tr>
        <td />
        <td />
        <td />
        <td />
        <td />
        <td />
        <td />
        <td />
        <td />
        <td />
        <td />
        <td />
        <td />
        <td />
        <td />
        <td />
      </tr>
      <tr>
        <td />
        <td />
        <td />
        <td />
        <td />
        <td />
        <td />
        <td />
        <td />
        <td />
        <td />
        <td />
        <td />
        <td />
        <td />
        <td />
      </tr>
      <tr>
        <td />
        <td />
        <td />
        <td />
        <td />
        <td />
        <td />
        <td />
        <td />
        <td />
        <td />
        <td />
        <td />
        <td />
        <td />
        <td />
      </tr>
      <tr>
        <td />
        <td />
        <td />
        <td />
        <td />
        <td />
        <td />
        <td />
        <td />
        <td />
        <td />
        <td />
        <td />
        <td />
        <td />
        <td />
      </tr>
      <tr>
        <td />
        <td />
        <td />
        <td />
        <td />
        <td />
        <td />
        <td />
        <td />
        <td />
        <td />
        <td />
        <td />
        <td />
        <td />
        <td />
      </tr>
      <tr>
        <td />
        <td />
        <td />
        <td />
        <td />
        <td />
        <td />
        <td />
        <td />
        <td />
        <td />
        <td />
        <td />
        <td />
        <td />
        <td />
      </tr>
      <tr>
        <td />
        <td />
        <td />
        <td />
        <td />
        <td />
        <td />
        <td />
        <td />
        <td />
        <td />
        <td />
        <td />
        <td />
        <td />
        <td />
      </tr>
      <tr>
        <td />
        <td />
        <td />
        <td />
        <td />
        <td />
        <td />
        <td />
        <td />
        <td />
        <td />
        <td />
        <td />
        <td />
        <td />
        <td />
      </tr>
    </tbody>
  </table>
</div>
`;
